<INFO> 22-Feb-2023::16:47:49.358 sonic confd[1928]: audit user: admin/28 assigned to groups: admin
<INFO> 22-Feb-2023::16:50:07.626 sonic confd[1928]: audit user: admin/0 Failed to login over ssh: Couldn't read "/var/confd/homes/admin/.ssh/authorized_keys2": "no such file or directory"
<INFO> 22-Feb-2023::16:50:07.636 sonic confd[1928]: audit user: admin/0 logged in over ssh from 10.30.2.32 with authmeth:password
<INFO> 22-Feb-2023::16:50:07.639 sonic confd[1928]: audit user: admin/29 assigned to groups: admin
<INFO> 22-Feb-2023::23:55:37.058 sonic confd[1928]: audit user: admin/30 assigned to groups: admin
<INFO> 22-Feb-2023::23:55:37.537 sonic confd[1928]: audit user: admin/31 assigned to groups: admin
<INFO> 22-Feb-2023::23:57:36.969 sonic confd[1928]: audit user: admin/32 assigned to groups: admin
<INFO> 22-Feb-2023::23:57:37.437 sonic confd[1928]: audit user: admin/33 assigned to groups: admin
<INFO> 23-Feb-2023::00:13:43.091 sonic confd[1928]: audit user: admin/34 assigned to groups: admin
<INFO> 23-Feb-2023::00:13:43.542 sonic confd[1928]: audit user: admin/35 assigned to groups: admin
<INFO> 23-Feb-2023::00:14:20.873 sonic confd[1928]: audit user: admin/36 assigned to groups: admin
<INFO> 23-Feb-2023::00:14:21.323 sonic confd[1928]: audit user: admin/37 assigned to groups: admin
<INFO> 27-Feb-2023::17:40:38.245 sonic confd[1928]: audit user: admin/38 assigned to groups: admin
<INFO> 27-Feb-2023::17:40:38.725 sonic confd[1928]: audit user: admin/39 assigned to groups: admin
<INFO> 27-Feb-2023::17:40:39.197 sonic confd[1928]: audit user: admin/40 assigned to groups: admin
<INFO> 27-Feb-2023::17:40:39.635 sonic confd[1928]: audit user: admin/41 assigned to groups: admin
<INFO> 27-Feb-2023::17:41:14.188 sonic confd[1928]: audit user: admin/42 assigned to groups: admin
<INFO> 27-Feb-2023::17:41:14.670 sonic confd[1928]: audit user: admin/43 assigned to groups: admin
<INFO> 27-Feb-2023::17:41:15.138 sonic confd[1928]: audit user: admin/44 assigned to groups: admin
<INFO> 27-Feb-2023::17:41:15.596 sonic confd[1928]: audit user: admin/45 assigned to groups: admin
<INFO> 27-Feb-2023::17:42:01.659 sonic confd[1928]: audit user: admin/46 assigned to groups: admin
<INFO> 27-Feb-2023::17:42:02.138 sonic confd[1928]: audit user: admin/47 assigned to groups: admin
<INFO> 27-Feb-2023::17:42:02.614 sonic confd[1928]: audit user: admin/48 assigned to groups: admin
<INFO> 27-Feb-2023::17:42:03.084 sonic confd[1928]: audit user: admin/49 assigned to groups: admin
<INFO> 27-Feb-2023::18:11:25.039 sonic confd[1928]: audit user: admin/50 assigned to groups: admin
<INFO> 27-Feb-2023::18:11:25.543 sonic confd[1928]: audit user: admin/51 assigned to groups: admin
<INFO> 27-Feb-2023::18:11:25.973 sonic confd[1928]: audit user: admin/52 assigned to groups: admin
<INFO> 27-Feb-2023::18:11:26.532 sonic confd[1928]: audit user: admin/53 assigned to groups: admin
<INFO> 27-Feb-2023::19:30:45.547 sonic confd[1928]: audit user: admin/54 assigned to groups: admin
<INFO> 27-Feb-2023::19:30:46.047 sonic confd[1928]: audit user: admin/55 assigned to groups: admin
<INFO> 27-Feb-2023::19:30:46.539 sonic confd[1928]: audit user: admin/56 assigned to groups: admin
<INFO> 27-Feb-2023::19:30:47.685 sonic confd[1928]: audit user: admin/57 assigned to groups: admin
<INFO> 27-Feb-2023::19:31:02.994 sonic confd[1928]: audit user: admin/58 assigned to groups: admin
<INFO> 27-Feb-2023::19:31:04.218 sonic confd[1928]: audit user: admin/59 assigned to groups: admin
<INFO> 27-Feb-2023::19:31:04.700 sonic confd[1928]: audit user: admin/60 assigned to groups: admin
<INFO> 27-Feb-2023::19:31:05.148 sonic confd[1928]: audit user: admin/61 assigned to groups: admin
<INFO> 27-Feb-2023::19:40:31.282 sonic confd[1928]: audit user: admin/62 assigned to groups: admin
<INFO> 27-Feb-2023::19:51:23.954 sonic confd[1928]: audit user: admin/63 assigned to groups: admin
<INFO> 27-Feb-2023::19:51:30.276 sonic confd[1928]: audit user: admin/64 assigned to groups: admin
<INFO> 27-Feb-2023::19:52:14.295 sonic confd[1928]: audit user: admin/65 assigned to groups: admin
<INFO> 27-Feb-2023::19:52:14.897 sonic confd[1928]: audit user: admin/66 assigned to groups: admin
<INFO> 27-Feb-2023::19:54:56.591 sonic confd[1928]: audit user: admin/67 assigned to groups: admin
<INFO> 27-Feb-2023::19:56:36.815 sonic confd[1928]: audit user: admin/68 assigned to groups: admin
<INFO> 27-Feb-2023::19:56:37.321 sonic confd[1928]: audit user: admin/69 assigned to groups: admin
<INFO> 27-Feb-2023::19:58:00.098 sonic confd[1928]: audit user: admin/70 assigned to groups: admin
<INFO> 27-Feb-2023::20:16:38.612 sonic confd[1928]: audit user: admin/71 assigned to groups: admin
<INFO> 27-Feb-2023::20:16:45.268 sonic confd[1928]: audit user: admin/72 assigned to groups: admin
<INFO> 27-Feb-2023::20:32:05.902 sonic confd[1928]: audit user: admin/73 assigned to groups: admin
<INFO> 27-Feb-2023::20:32:40.642 sonic confd[1928]: audit user: admin/74 assigned to groups: admin
<INFO> 27-Feb-2023::20:36:51.202 sonic confd[1928]: audit user: admin/75 assigned to groups: admin
<INFO> 27-Feb-2023::20:37:12.179 sonic confd[1928]: audit user: admin/76 assigned to groups: admin
<INFO> 27-Feb-2023::20:37:12.686 sonic confd[1928]: audit user: admin/77 assigned to groups: admin
<INFO> 27-Feb-2023::20:37:26.580 sonic confd[1928]: audit user: admin/78 assigned to groups: admin
<INFO> 27-Feb-2023::20:38:11.774 sonic confd[1928]: audit user: admin/79 assigned to groups: admin
<INFO> 27-Feb-2023::20:38:12.266 sonic confd[1928]: audit user: admin/80 assigned to groups: admin
<INFO> 27-Feb-2023::20:39:32.523 sonic confd[1928]: audit user: admin/81 assigned to groups: admin
<INFO> 27-Feb-2023::20:51:47.497 sonic confd[1928]: audit user: admin/82 assigned to groups: admin
<INFO> 27-Feb-2023::20:51:47.991 sonic confd[1928]: audit user: admin/83 assigned to groups: admin
<INFO> 27-Feb-2023::20:52:28.113 sonic confd[1928]: audit user: admin/84 assigned to groups: admin
<INFO> 27-Feb-2023::20:53:19.525 sonic confd[1928]: audit user: admin/85 assigned to groups: admin
<INFO> 27-Feb-2023::20:55:47.207 sonic confd[1928]: audit user: admin/86 assigned to groups: admin
<INFO> 27-Feb-2023::20:55:47.693 sonic confd[1928]: audit user: admin/87 assigned to groups: admin
<INFO> 27-Feb-2023::20:55:49.570 sonic confd[1928]: audit user: admin/88 assigned to groups: admin
<INFO> 27-Feb-2023::20:56:40.447 sonic confd[1928]: audit user: admin/89 assigned to groups: admin
<INFO> 27-Feb-2023::20:56:40.903 sonic confd[1928]: audit user: admin/90 assigned to groups: admin
<INFO> 27-Feb-2023::20:57:04.619 sonic confd[1928]: audit user: admin/91 assigned to groups: admin
<INFO> 27-Feb-2023::20:57:49.454 sonic confd[1928]: audit user: admin/92 assigned to groups: admin
<INFO> 27-Feb-2023::20:57:49.935 sonic confd[1928]: audit user: admin/93 assigned to groups: admin
<INFO> 27-Feb-2023::21:07:04.091 sonic confd[1928]: audit user: admin/94 assigned to groups: admin
<INFO> 27-Feb-2023::21:07:04.576 sonic confd[1928]: audit user: admin/95 assigned to groups: admin
<INFO> 27-Feb-2023::21:07:34.496 sonic confd[1928]: audit user: admin/96 assigned to groups: admin
<INFO> 27-Feb-2023::21:08:44.303 sonic confd[1928]: audit user: admin/97 assigned to groups: admin
<INFO> 27-Feb-2023::21:08:44.826 sonic confd[1928]: audit user: admin/98 assigned to groups: admin
<INFO> 27-Feb-2023::21:09:02.580 sonic confd[1928]: audit user: admin/99 assigned to groups: admin
<INFO> 27-Feb-2023::21:09:52.177 sonic confd[1928]: audit user: admin/100 assigned to groups: admin
<INFO> 27-Feb-2023::21:09:52.686 sonic confd[1928]: audit user: admin/101 assigned to groups: admin
<INFO> 27-Feb-2023::21:10:47.034 sonic confd[1928]: audit user: admin/102 assigned to groups: admin
<INFO> 27-Feb-2023::21:10:47.516 sonic confd[1928]: audit user: admin/103 assigned to groups: admin
<INFO> 27-Feb-2023::21:10:49.374 sonic confd[1928]: audit user: admin/104 assigned to groups: admin
<INFO> 27-Feb-2023::21:11:53.247 sonic confd[1928]: audit user: admin/105 assigned to groups: admin
<INFO> 27-Feb-2023::21:11:53.706 sonic confd[1928]: audit user: admin/106 assigned to groups: admin
<INFO> 27-Feb-2023::21:12:30.049 sonic confd[1928]: audit user: admin/107 assigned to groups: admin
<INFO> 27-Feb-2023::21:12:30.532 sonic confd[1928]: audit user: admin/108 assigned to groups: admin
<INFO> 28-Feb-2023::13:47:47.457 sonic confd[1928]: audit user: admin/109 assigned to groups: admin
<INFO> 28-Feb-2023::14:45:29.044 sonic confd[1928]: audit user: admin/110 assigned to groups: admin
<INFO> 28-Feb-2023::14:45:29.536 sonic confd[1928]: audit user: admin/111 assigned to groups: admin
<INFO> 28-Feb-2023::14:45:56.211 sonic confd[1928]: audit user: admin/112 assigned to groups: admin
<INFO> 28-Feb-2023::14:46:57.850 sonic confd[1928]: audit user: admin/113 assigned to groups: admin
<INFO> 28-Feb-2023::14:46:58.357 sonic confd[1928]: audit user: admin/114 assigned to groups: admin
<INFO> 28-Feb-2023::14:47:23.887 sonic confd[1928]: audit user: admin/115 assigned to groups: admin
<INFO> 28-Feb-2023::14:48:06.158 sonic confd[1928]: audit user: admin/116 assigned to groups: admin
<INFO> 28-Feb-2023::14:48:06.644 sonic confd[1928]: audit user: admin/117 assigned to groups: admin
<INFO> 9-Mar-2023::13:55:16.353 sonic confd[1928]: audit user: admin/0 Failed to login over ssh: Couldn't read "/var/confd/homes/admin/.ssh/authorized_keys2": "no such file or directory"
<INFO> 9-Mar-2023::13:55:16.359 sonic confd[1928]: audit user: admin/0 logged in over ssh from 10.30.2.32 with authmeth:password
<INFO> 9-Mar-2023::13:55:16.361 sonic confd[1928]: audit user: admin/118 assigned to groups: admin
<INFO> 9-Mar-2023::13:57:25.672 sonic confd[1928]: audit user: admin/28 Logged out from maapi ctx=maapi (closed)
<INFO> 19-Mar-2023::06:33:13.526 sonic confd[1928]: audit user: admin/0 Logged out ssh <local> user
<INFO> 14-Apr-2023::17:06:26.913 sonic confd[1928]: audit user: admin/119 assigned to groups: admin
<INFO> 14-Apr-2023::17:06:51.268 sonic confd[1928]: audit user: admin/120 assigned to groups: admin
<INFO> 14-Apr-2023::17:07:04.199 sonic confd[1928]: audit user: admin/121 assigned to groups: admin
<INFO> 14-Apr-2023::17:07:49.696 sonic confd[1928]: audit user: admin/122 assigned to groups: admin
<INFO> 14-Apr-2023::17:08:40.571 sonic confd[1928]: audit user: admin/123 assigned to groups: admin
